// Jest Snapshot v1, https://goo.gl/fbAQLP

exports[`Should render ExpensesListItem 1`] = `
<div>
  <h3>
    <Link
      to="edit/1"
    >
      Gum
    </Link>
  </h3>
  <p>
    195
     - 
    0
  </p>
</div>
`;
